((fn [(A (true) a b) a] [(A (false) a b) b]) Boolean a b false)
((fn [(A (true) a b) a] [(A (false) a b) b]) Boolean a b false)
((fn [(A (true) a b) a] [(A (false) a b) b]) Boolean a b false)
((fn [(A (true) a b) a] [(A (false) a b) b]) Boolean a b false)
((fn [(A (true) a b) a] [(A (false) a b) b]) Boolean a true b)
((fn [(A (true) a b) a] [(A (false) a b) b]) Boolean a true b)
((fn [(A (true) a b) a] [(A (false) a b) b]) Boolean a true b)
((fn [(A (true) a b) a] [(A (false) a b) b]) Boolean a true b)
