(null Nat)
(cons Nat zero (null Nat))
(cons Nat zero (cons Nat zero (null Nat)))
((fn [(A (null A)) zero] [(A (cons A head tail)) (add1 (length A tail))]) Nat (cons Nat zero (cons Nat zero (null Nat))))
