(((fn [(x (zero)) TODO] [(x (add1 y)) TODO]) zero) zero)
