(((fn [(x (zero)) x] [(x (add1 y)) (add1 ((add x) y))]) zero) zero)
