(lambda (A) (lambda (a) a))
(lambda (A) (lambda (a) a))
(lambda (A) (lambda (a) a))
