(Pi ((A Type)) (Pi ((_ A)) A))
(Pi ((A Type)) (Pi ((B Type)) (Pi ((_ A)) (Pi ((_ B)) Type))))
